// Jest Snapshot v1, https://goo.gl/fbAQLP

exports[`Operation Should match the snapshot 1`] = `
Operation {
  "method": "GET",
  "name": "Operation",
  "payloadModel": Model {
    "base": UndefinedType {
      "_tag": "UndefinedType",
      "decode": [Function],
      "encode": [Function],
      "is": [Function],
      "name": "undefined",
      "validate": [Function],
    },
    "name": "operation payload",
    "operation": "",
  },
  "responses": Array [
    ApiResponse {
      "model": Model {
        "base": UndefinedType {
          "_tag": "UndefinedType",
          "decode": [Function],
          "encode": [Function],
          "is": [Function],
          "name": "undefined",
          "validate": [Function],
        },
        "name": "bad response",
        "operation": "",
      },
      "status": 200,
    },
    ApiResponse {
      "model": Model {
        "base": UndefinedType {
          "_tag": "UndefinedType",
          "decode": [Function],
          "encode": [Function],
          "is": [Function],
          "name": "undefined",
          "validate": [Function],
        },
        "name": "repeated response",
        "operation": "",
      },
      "status": 200,
    },
    ApiResponse {
      "model": Model {
        "base": InterfaceType {
          "_tag": "InterfaceType",
          "decode": [Function],
          "encode": [Function],
          "is": [Function],
          "name": "{ ok: boolean }",
          "props": Object {
            "ok": BooleanType {
              "_tag": "BooleanType",
              "decode": [Function],
              "encode": [Function],
              "is": [Function],
              "name": "boolean",
              "validate": [Function],
            },
          },
          "validate": [Function],
        },
        "name": "good response",
        "operation": "",
      },
      "status": 202,
    },
  ],
  "url": [Function],
}
`;
